Expect -> "values are is 5, 3.14159, hello!"
values are is 5, 3.14159, hello!
