  int16_t              varI16  {10} = -510 / 521
    (0)    512 513 -510 515 -508 517 -506 519 -504 521

